MemTotal:       12582912 kB
MemFree:         2097152 kB
MemAvailable:    5242880 kB
Buffers:          307200 kB
Cached:          2097152 kB
SwapCached:            0 kB
Active:          4096000 kB
Inactive:        2560000 kB
Active(anon):    2048000 kB
Inactive(anon):   256000 kB
Active(file):    2048000 kB
Inactive(file):  2304000 kB
Unevictable:        8192 kB
Mlocked:            8192 kB
SwapTotal:       8388608 kB
SwapFree:        8388608 kB
Dirty:              2048 kB
Writeback:             0 kB
AnonPages:       2304000 kB
Mapped:           409600 kB
Shmem:            256000 kB
KReclaimable:     204800 kB
Slab:             358400 kB
SReclaimable:     204800 kB
SUnreclaim:       153600 kB
KernelStack:       24576 kB
PageTables:        24576 kB
NFS_Unstable:          0 kB
Bounce:                0 kB
WritebackTmp:          0 kB
CommitLimit:    14679552 kB
Committed_AS:    5242880 kB
VmallocTotal:   34359738367 kB
VmallocUsed:      153600 kB
VmallocChunk:          0 kB
Percpu:            12288 kB
HardwareCorrupted:     0 kB
AnonHugePages:    393216 kB
ShmemHugePages:        0 kB
ShmemPmdMapped:        0 kB
FileHugePages:         0 kB
FilePmdMapped:         0 kB
HugePages_Total:       0
HugePages_Free:        0
HugePages_Rsvd:        0
HugePages_Surp:        0
Hugepagesize:       2048 kB
Hugetlb:               0 kB
DirectMap4k:      196608 kB
DirectMap2M:    11534336 kB
DirectMap1G:     2097152 kB
